[2020-05-13T19:25:45.977+0200][gc,heap] Heap region size: 1M
[2020-05-13T19:25:45.986+0200][gc     ] Using G1
[2020-05-13T19:25:45.986+0200][gc,heap,coops] Heap address: 0x00000000c0000000, size: 1024 MB, Compressed Oops mode: 32-bit
[2020-05-13T19:25:45.986+0200][gc,cds       ] Mark closed archive regions in map: [0x00000000fff00000, 0x00000000fff69ff8]
[2020-05-13T19:25:45.986+0200][gc,cds       ] Mark open archive regions in map: [0x00000000ffe00000, 0x00000000ffe43ff8]
[2020-05-13T19:25:47.238+0200][gc,start     ] GC(0) Pause Young (Normal) (G1 Evacuation Pause)
[2020-05-13T19:25:47.238+0200][gc,task      ] GC(0) Using 4 workers of 4 for evacuation
[2020-05-13T19:25:47.249+0200][gc,phases    ] GC(0)   Pre Evacuate Collection Set: 0,0ms
[2020-05-13T19:25:47.249+0200][gc,phases    ] GC(0)   Evacuate Collection Set: 10,1ms
[2020-05-13T19:25:47.249+0200][gc,phases    ] GC(0)   Post Evacuate Collection Set: 0,5ms
[2020-05-13T19:25:47.249+0200][gc,phases    ] GC(0)   Other: 0,4ms
[2020-05-13T19:25:47.249+0200][gc,heap      ] GC(0) Eden regions: 51->0(45)
[2020-05-13T19:25:47.249+0200][gc,heap      ] GC(0) Survivor regions: 0->6(7)
[2020-05-13T19:25:47.249+0200][gc,heap      ] GC(0) Old regions: 2->2
[2020-05-13T19:25:47.249+0200][gc,heap      ] GC(0) Humongous regions: 0->0
[2020-05-13T19:25:47.249+0200][gc,metaspace ] GC(0) Metaspace: 19501K->19501K(1067008K)
[2020-05-13T19:25:47.249+0200][gc           ] GC(0) Pause Young (Normal) (G1 Evacuation Pause) 51M->5M(1024M) 11,067ms
[2020-05-13T19:25:47.249+0200][gc,cpu       ] GC(0) User=0,03s Sys=0,00s Real=0,02s
[2020-05-13T19:25:47.310+0200][gc,start     ] GC(1) Pause Young (Concurrent Start) (Metadata GC Threshold)
[2020-05-13T19:25:47.310+0200][gc,task      ] GC(1) Using 4 workers of 4 for evacuation
[2020-05-13T19:25:47.319+0200][gc,phases    ] GC(1)   Pre Evacuate Collection Set: 0,0ms
[2020-05-13T19:25:47.319+0200][gc,phases    ] GC(1)   Evacuate Collection Set: 8,4ms
[2020-05-13T19:25:47.319+0200][gc,phases    ] GC(1)   Post Evacuate Collection Set: 0,5ms
[2020-05-13T19:25:47.319+0200][gc,phases    ] GC(1)   Other: 0,2ms
[2020-05-13T19:25:47.319+0200][gc,heap      ] GC(1) Eden regions: 4->0(50)
[2020-05-13T19:25:47.319+0200][gc,heap      ] GC(1) Survivor regions: 6->1(7)
[2020-05-13T19:25:47.319+0200][gc,heap      ] GC(1) Old regions: 2->8
[2020-05-13T19:25:47.319+0200][gc,heap      ] GC(1) Humongous regions: 0->0
[2020-05-13T19:25:47.319+0200][gc,metaspace ] GC(1) Metaspace: 20645K->20645K(1067008K)
[2020-05-13T19:25:47.319+0200][gc           ] GC(1) Pause Young (Concurrent Start) (Metadata GC Threshold) 9M->6M(1024M) 9,132ms
[2020-05-13T19:25:47.319+0200][gc,cpu       ] GC(1) User=0,03s Sys=0,00s Real=0,00s
[2020-05-13T19:25:47.319+0200][gc           ] GC(2) Concurrent Cycle
[2020-05-13T19:25:47.319+0200][gc,marking   ] GC(2) Concurrent Clear Claimed Marks
[2020-05-13T19:25:47.319+0200][gc,marking   ] GC(2) Concurrent Clear Claimed Marks 0,046ms
[2020-05-13T19:25:47.319+0200][gc,marking   ] GC(2) Concurrent Scan Root Regions
[2020-05-13T19:25:47.320+0200][gc,marking   ] GC(2) Concurrent Scan Root Regions 0,381ms
[2020-05-13T19:25:47.320+0200][gc,marking   ] GC(2) Concurrent Mark (1,345s)
[2020-05-13T19:25:47.320+0200][gc,marking   ] GC(2) Concurrent Mark From Roots
[2020-05-13T19:25:47.320+0200][gc,task      ] GC(2) Using 1 workers of 1 for marking
[2020-05-13T19:25:47.330+0200][gc,marking   ] GC(2) Concurrent Mark From Roots 9,860ms
[2020-05-13T19:25:47.330+0200][gc,marking   ] GC(2) Concurrent Preclean
[2020-05-13T19:25:47.330+0200][gc,marking   ] GC(2) Concurrent Preclean 0,074ms
[2020-05-13T19:25:47.330+0200][gc,marking   ] GC(2) Concurrent Mark (1,345s, 1,355s) 9,974ms
[2020-05-13T19:25:47.330+0200][gc,start     ] GC(2) Pause Remark
[2020-05-13T19:25:47.332+0200][gc,stringtable] GC(2) Cleaned string and symbol table, strings: 5110 processed, 0 removed, symbols: 51363 processed, 52 removed
[2020-05-13T19:25:47.332+0200][gc            ] GC(2) Pause Remark 7M->7M(1024M) 2,148ms
[2020-05-13T19:25:47.332+0200][gc,cpu        ] GC(2) User=0,01s Sys=0,00s Real=0,00s
[2020-05-13T19:25:47.332+0200][gc,marking    ] GC(2) Concurrent Rebuild Remembered Sets
[2020-05-13T19:25:47.339+0200][gc,marking    ] GC(2) Concurrent Rebuild Remembered Sets 7,002ms
[2020-05-13T19:25:47.339+0200][gc,start      ] GC(2) Pause Cleanup
[2020-05-13T19:25:47.339+0200][gc            ] GC(2) Pause Cleanup 7M->7M(1024M) 0,201ms
[2020-05-13T19:25:47.339+0200][gc,cpu        ] GC(2) User=0,00s Sys=0,00s Real=0,00s
[2020-05-13T19:25:47.339+0200][gc,marking    ] GC(2) Concurrent Cleanup for Next Mark
[2020-05-13T19:25:47.348+0200][gc,marking    ] GC(2) Concurrent Cleanup for Next Mark 8,495ms
[2020-05-13T19:25:47.348+0200][gc            ] GC(2) Concurrent Cycle 28,673ms
[2020-05-13T19:25:48.315+0200][gc,start      ] GC(3) Pause Young (Normal) (G1 Evacuation Pause)
[2020-05-13T19:25:48.315+0200][gc,task       ] GC(3) Using 4 workers of 4 for evacuation
[2020-05-13T19:25:48.322+0200][gc,phases     ] GC(3)   Pre Evacuate Collection Set: 0,0ms
[2020-05-13T19:25:48.322+0200][gc,phases     ] GC(3)   Evacuate Collection Set: 6,2ms
[2020-05-13T19:25:48.322+0200][gc,phases     ] GC(3)   Post Evacuate Collection Set: 0,5ms
[2020-05-13T19:25:48.322+0200][gc,phases     ] GC(3)   Other: 0,1ms
[2020-05-13T19:25:48.322+0200][gc,heap       ] GC(3) Eden regions: 50->0(45)
[2020-05-13T19:25:48.322+0200][gc,heap       ] GC(3) Survivor regions: 1->6(7)
[2020-05-13T19:25:48.322+0200][gc,heap       ] GC(3) Old regions: 8->8
[2020-05-13T19:25:48.322+0200][gc,heap       ] GC(3) Humongous regions: 129->129
[2020-05-13T19:25:48.322+0200][gc,metaspace  ] GC(3) Metaspace: 30737K->30737K(1077248K)
[2020-05-13T19:25:48.322+0200][gc            ] GC(3) Pause Young (Normal) (G1 Evacuation Pause) 185M->139M(1024M) 6,990ms
[2020-05-13T19:25:48.322+0200][gc,cpu        ] GC(3) User=0,02s Sys=0,00s Real=0,01s
[2020-05-13T19:25:49.250+0200][gc,start      ] GC(4) Pause Young (Concurrent Start) (Metadata GC Threshold)
[2020-05-13T19:25:49.250+0200][gc,task       ] GC(4) Using 4 workers of 4 for evacuation
[2020-05-13T19:25:49.260+0200][gc,phases     ] GC(4)   Pre Evacuate Collection Set: 0,1ms
[2020-05-13T19:25:49.260+0200][gc,phases     ] GC(4)   Evacuate Collection Set: 9,5ms
[2020-05-13T19:25:49.260+0200][gc,phases     ] GC(4)   Post Evacuate Collection Set: 0,5ms
[2020-05-13T19:25:49.260+0200][gc,phases     ] GC(4)   Other: 0,2ms
[2020-05-13T19:25:49.260+0200][gc,heap       ] GC(4) Eden regions: 23->0(49)
[2020-05-13T19:25:49.260+0200][gc,heap       ] GC(4) Survivor regions: 6->2(7)
[2020-05-13T19:25:49.260+0200][gc,heap       ] GC(4) Old regions: 8->12
[2020-05-13T19:25:49.260+0200][gc,heap       ] GC(4) Humongous regions: 135->135
[2020-05-13T19:25:49.260+0200][gc,metaspace  ] GC(4) Metaspace: 34489K->34489K(1079296K)
[2020-05-13T19:25:49.260+0200][gc            ] GC(4) Pause Young (Concurrent Start) (Metadata GC Threshold) 168M->146M(1024M) 10,395ms
[2020-05-13T19:25:49.260+0200][gc,cpu        ] GC(4) User=0,03s Sys=0,00s Real=0,01s
[2020-05-13T19:25:49.260+0200][gc            ] GC(5) Concurrent Cycle
[2020-05-13T19:25:49.260+0200][gc,marking    ] GC(5) Concurrent Clear Claimed Marks
[2020-05-13T19:25:49.260+0200][gc,marking    ] GC(5) Concurrent Clear Claimed Marks 0,107ms
[2020-05-13T19:25:49.260+0200][gc,marking    ] GC(5) Concurrent Scan Root Regions
[2020-05-13T19:25:49.262+0200][gc,marking    ] GC(5) Concurrent Scan Root Regions 1,345ms
[2020-05-13T19:25:49.262+0200][gc,marking    ] GC(5) Concurrent Mark (3,287s)
[2020-05-13T19:25:49.262+0200][gc,marking    ] GC(5) Concurrent Mark From Roots
[2020-05-13T19:25:49.262+0200][gc,task       ] GC(5) Using 1 workers of 1 for marking
[2020-05-13T19:25:49.282+0200][gc,marking    ] GC(5) Concurrent Mark From Roots 20,355ms
[2020-05-13T19:25:49.282+0200][gc,marking    ] GC(5) Concurrent Preclean
[2020-05-13T19:25:49.282+0200][gc,marking    ] GC(5) Concurrent Preclean 0,141ms
[2020-05-13T19:25:49.282+0200][gc,marking    ] GC(5) Concurrent Mark (3,287s, 3,308s) 20,555ms
[2020-05-13T19:25:49.282+0200][gc,start      ] GC(5) Pause Remark
[2020-05-13T19:25:49.286+0200][gc,stringtable] GC(5) Cleaned string and symbol table, strings: 11220 processed, 12 removed, symbols: 78918 processed, 23 removed
[2020-05-13T19:25:49.286+0200][gc            ] GC(5) Pause Remark 148M->148M(1024M) 3,695ms
[2020-05-13T19:25:49.286+0200][gc,cpu        ] GC(5) User=0,01s Sys=0,00s Real=0,00s
[2020-05-13T19:25:49.286+0200][gc,marking    ] GC(5) Concurrent Rebuild Remembered Sets
[2020-05-13T19:25:49.298+0200][gc,marking    ] GC(5) Concurrent Rebuild Remembered Sets 12,340ms
[2020-05-13T19:25:49.298+0200][gc,start      ] GC(5) Pause Cleanup
[2020-05-13T19:25:49.299+0200][gc            ] GC(5) Pause Cleanup 148M->148M(1024M) 0,174ms
[2020-05-13T19:25:49.299+0200][gc,cpu        ] GC(5) User=0,00s Sys=0,00s Real=0,00s
[2020-05-13T19:25:49.299+0200][gc,marking    ] GC(5) Concurrent Cleanup for Next Mark
[2020-05-13T19:25:49.306+0200][gc,marking    ] GC(5) Concurrent Cleanup for Next Mark 7,125ms
[2020-05-13T19:25:49.306+0200][gc            ] GC(5) Concurrent Cycle 45,824ms
[2020-05-13T19:26:33.262+0200][gc,heap,exit  ] Heap
[2020-05-13T19:26:33.262+0200][gc,heap,exit  ]  garbage-first heap   total 1048576K, used 172005K [0x00000000c0000000, 0x0000000100000000)
[2020-05-13T19:26:33.262+0200][gc,heap,exit  ]   region size 1024K, 25 young (25600K), 2 survivors (2048K)
[2020-05-13T19:26:33.262+0200][gc,heap,exit  ]  Metaspace       used 37861K, capacity 39836K, committed 39932K, reserved 1083392K
[2020-05-13T19:26:33.262+0200][gc,heap,exit  ]   class space    used 5145K, capacity 6131K, committed 6140K, reserved 1048576K
